Archive member included to satisfy reference by file (symbol)

c:/program files (x86)/atmel/studio/7.0/toolchain/avr8/avr8-gnu-toolchain/bin/../lib/gcc/avr/5.4.0/avr25\libgcc.a(_udivmodhi4.o)
                              src/primitives/dht_primitive.o (__udivmodhi4)
c:/program files (x86)/atmel/studio/7.0/toolchain/avr8/avr8-gnu-toolchain/bin/../lib/gcc/avr/5.4.0/avr25\libgcc.a(_exit.o)
                              C:/Program Files (x86)/Atmel/Studio/7.0/Packs/atmel/ATtiny_DFP/1.10.348/gcc/dev/attiny85/avr25/crtattiny85.o (exit)
c:/program files (x86)/atmel/studio/7.0/toolchain/avr8/avr8-gnu-toolchain/bin/../lib/gcc/avr/5.4.0/avr25\libgcc.a(_copy_data.o)
                              src/app/main.o (__do_copy_data)
c:/program files (x86)/atmel/studio/7.0/toolchain/avr8/avr8-gnu-toolchain/bin/../lib/gcc/avr/5.4.0/avr25\libgcc.a(_clear_bss.o)
                              src/drivers/dht_driver.o (__do_clear_bss)
c:/program files (x86)/atmel/studio/7.0/toolchain/avr8/avr8-gnu-toolchain/bin/../lib/gcc/avr/5.4.0/../../../../avr/lib/avr25\libc.a(strcat.o)
                              src/primitives/oled.o (strcat)
c:/program files (x86)/atmel/studio/7.0/toolchain/avr8/avr8-gnu-toolchain/bin/../lib/gcc/avr/5.4.0/../../../../avr/lib/avr25\libc.a(itoa_ncheck.o)
                              src/primitives/oled.o (__itoa_ncheck)
c:/program files (x86)/atmel/studio/7.0/toolchain/avr8/avr8-gnu-toolchain/bin/../lib/gcc/avr/5.4.0/../../../../avr/lib/avr25\libc.a(utoa_ncheck.o)
                              c:/program files (x86)/atmel/studio/7.0/toolchain/avr8/avr8-gnu-toolchain/bin/../lib/gcc/avr/5.4.0/../../../../avr/lib/avr25\libc.a(itoa_ncheck.o) (__utoa_common)
c:/program files (x86)/atmel/studio/7.0/toolchain/avr8/avr8-gnu-toolchain/bin/../lib/gcc/avr/5.4.0/../../../../avr/lib/avr25\libc.a(strrev.o)
                              c:/program files (x86)/atmel/studio/7.0/toolchain/avr8/avr8-gnu-toolchain/bin/../lib/gcc/avr/5.4.0/../../../../avr/lib/avr25\libc.a(utoa_ncheck.o) (strrev)

Allocating common symbols
Common symbol       size              file

i2c_buff            0x7               src/drivers/i2c_driver.o

Discarded input sections

 .data          0x00000000        0x0 C:/Program Files (x86)/Atmel/Studio/7.0/Packs/atmel/ATtiny_DFP/1.10.348/gcc/dev/attiny85/avr25/crtattiny85.o
 .bss           0x00000000        0x0 C:/Program Files (x86)/Atmel/Studio/7.0/Packs/atmel/ATtiny_DFP/1.10.348/gcc/dev/attiny85/avr25/crtattiny85.o
 .text          0x00000000        0x0 src/app/main.o
 .data          0x00000000        0x0 src/app/main.o
 .bss           0x00000000        0x0 src/app/main.o
 .text          0x00000000        0x0 src/drivers/dht_driver.o
 .data          0x00000000        0x0 src/drivers/dht_driver.o
 .bss           0x00000000        0x0 src/drivers/dht_driver.o
 .text.init_pcint
                0x00000000       0x14 src/drivers/dht_driver.o
 .text.deinit_pcint
                0x00000000        0xe src/drivers/dht_driver.o
 .bss._v_dht_temporizer
                0x00000000        0x2 src/drivers/dht_driver.o
 .text          0x00000000        0x0 src/drivers/gpio_driver.o
 .data          0x00000000        0x0 src/drivers/gpio_driver.o
 .bss           0x00000000        0x0 src/drivers/gpio_driver.o
 .text          0x00000000        0x0 src/drivers/i2c_driver.o
 .data          0x00000000        0x0 src/drivers/i2c_driver.o
 .bss           0x00000000        0x0 src/drivers/i2c_driver.o
 .text.attiny_i2c_send_bytes
                0x00000000       0x32 src/drivers/i2c_driver.o
 .text          0x00000000        0x0 src/drivers/timer0_driver.o
 .data          0x00000000        0x0 src/drivers/timer0_driver.o
 .bss           0x00000000        0x0 src/drivers/timer0_driver.o
 .text.attiny_timer_deinit
                0x00000000        0xe src/drivers/timer0_driver.o
 .text          0x00000000        0x0 src/drivers/timer1_driver.o
 .data          0x00000000        0x0 src/drivers/timer1_driver.o
 .bss           0x00000000        0x0 src/drivers/timer1_driver.o
 .text          0x00000000        0x0 src/primitives/dht_primitive.o
 .data          0x00000000        0x0 src/primitives/dht_primitive.o
 .bss           0x00000000        0x0 src/primitives/dht_primitive.o
 .text          0x00000000        0x0 src/primitives/oled.o
 .data          0x00000000        0x0 src/primitives/oled.o
 .bss           0x00000000        0x0 src/primitives/oled.o
 .text.oled_draw_weather
                0x00000000       0x3c src/primitives/oled.o
 .progmem.data.weathericons
                0x00000000       0x40 src/primitives/oled.o
 .data.scroll_setup_r
                0x00000000        0x6 src/primitives/oled.o
 .data.shift_setup_r
                0x00000000        0x7 src/primitives/oled.o
 .text          0x00000000        0x0 src/primitives/timer0_primitives.o
 .data          0x00000000        0x0 src/primitives/timer0_primitives.o
 .bss           0x00000000        0x0 src/primitives/timer0_primitives.o
 .text.timer0_stop
                0x00000000        0x4 src/primitives/timer0_primitives.o
 .text          0x00000000        0x0 c:/program files (x86)/atmel/studio/7.0/toolchain/avr8/avr8-gnu-toolchain/bin/../lib/gcc/avr/5.4.0/avr25\libgcc.a(_udivmodhi4.o)
 .data          0x00000000        0x0 c:/program files (x86)/atmel/studio/7.0/toolchain/avr8/avr8-gnu-toolchain/bin/../lib/gcc/avr/5.4.0/avr25\libgcc.a(_udivmodhi4.o)
 .bss           0x00000000        0x0 c:/program files (x86)/atmel/studio/7.0/toolchain/avr8/avr8-gnu-toolchain/bin/../lib/gcc/avr/5.4.0/avr25\libgcc.a(_udivmodhi4.o)
 .text.libgcc.mul
                0x00000000        0x0 c:/program files (x86)/atmel/studio/7.0/toolchain/avr8/avr8-gnu-toolchain/bin/../lib/gcc/avr/5.4.0/avr25\libgcc.a(_udivmodhi4.o)
 .text.libgcc   0x00000000        0x0 c:/program files (x86)/atmel/studio/7.0/toolchain/avr8/avr8-gnu-toolchain/bin/../lib/gcc/avr/5.4.0/avr25\libgcc.a(_udivmodhi4.o)
 .text.libgcc.prologue
                0x00000000        0x0 c:/program files (x86)/atmel/studio/7.0/toolchain/avr8/avr8-gnu-toolchain/bin/../lib/gcc/avr/5.4.0/avr25\libgcc.a(_udivmodhi4.o)
 .text.libgcc.builtins
                0x00000000        0x0 c:/program files (x86)/atmel/studio/7.0/toolchain/avr8/avr8-gnu-toolchain/bin/../lib/gcc/avr/5.4.0/avr25\libgcc.a(_udivmodhi4.o)
 .text.libgcc.fmul
                0x00000000        0x0 c:/program files (x86)/atmel/studio/7.0/toolchain/avr8/avr8-gnu-toolchain/bin/../lib/gcc/avr/5.4.0/avr25\libgcc.a(_udivmodhi4.o)
 .text.libgcc.fixed
                0x00000000        0x0 c:/program files (x86)/atmel/studio/7.0/toolchain/avr8/avr8-gnu-toolchain/bin/../lib/gcc/avr/5.4.0/avr25\libgcc.a(_udivmodhi4.o)
 .text          0x00000000        0x0 c:/program files (x86)/atmel/studio/7.0/toolchain/avr8/avr8-gnu-toolchain/bin/../lib/gcc/avr/5.4.0/avr25\libgcc.a(_exit.o)
 .data          0x00000000        0x0 c:/program files (x86)/atmel/studio/7.0/toolchain/avr8/avr8-gnu-toolchain/bin/../lib/gcc/avr/5.4.0/avr25\libgcc.a(_exit.o)
 .bss           0x00000000        0x0 c:/program files (x86)/atmel/studio/7.0/toolchain/avr8/avr8-gnu-toolchain/bin/../lib/gcc/avr/5.4.0/avr25\libgcc.a(_exit.o)
 .text.libgcc.mul
                0x00000000        0x0 c:/program files (x86)/atmel/studio/7.0/toolchain/avr8/avr8-gnu-toolchain/bin/../lib/gcc/avr/5.4.0/avr25\libgcc.a(_exit.o)
 .text.libgcc.div
                0x00000000        0x0 c:/program files (x86)/atmel/studio/7.0/toolchain/avr8/avr8-gnu-toolchain/bin/../lib/gcc/avr/5.4.0/avr25\libgcc.a(_exit.o)
 .text.libgcc   0x00000000        0x0 c:/program files (x86)/atmel/studio/7.0/toolchain/avr8/avr8-gnu-toolchain/bin/../lib/gcc/avr/5.4.0/avr25\libgcc.a(_exit.o)
 .text.libgcc.prologue
                0x00000000        0x0 c:/program files (x86)/atmel/studio/7.0/toolchain/avr8/avr8-gnu-toolchain/bin/../lib/gcc/avr/5.4.0/avr25\libgcc.a(_exit.o)
 .text.libgcc.builtins
                0x00000000        0x0 c:/program files (x86)/atmel/studio/7.0/toolchain/avr8/avr8-gnu-toolchain/bin/../lib/gcc/avr/5.4.0/avr25\libgcc.a(_exit.o)
 .text.libgcc.fmul
                0x00000000        0x0 c:/program files (x86)/atmel/studio/7.0/toolchain/avr8/avr8-gnu-toolchain/bin/../lib/gcc/avr/5.4.0/avr25\libgcc.a(_exit.o)
 .text.libgcc.fixed
                0x00000000        0x0 c:/program files (x86)/atmel/studio/7.0/toolchain/avr8/avr8-gnu-toolchain/bin/../lib/gcc/avr/5.4.0/avr25\libgcc.a(_exit.o)
 .text          0x00000000        0x0 c:/program files (x86)/atmel/studio/7.0/toolchain/avr8/avr8-gnu-toolchain/bin/../lib/gcc/avr/5.4.0/avr25\libgcc.a(_copy_data.o)
 .data          0x00000000        0x0 c:/program files (x86)/atmel/studio/7.0/toolchain/avr8/avr8-gnu-toolchain/bin/../lib/gcc/avr/5.4.0/avr25\libgcc.a(_copy_data.o)
 .bss           0x00000000        0x0 c:/program files (x86)/atmel/studio/7.0/toolchain/avr8/avr8-gnu-toolchain/bin/../lib/gcc/avr/5.4.0/avr25\libgcc.a(_copy_data.o)
 .text.libgcc.mul
                0x00000000        0x0 c:/program files (x86)/atmel/studio/7.0/toolchain/avr8/avr8-gnu-toolchain/bin/../lib/gcc/avr/5.4.0/avr25\libgcc.a(_copy_data.o)
 .text.libgcc.div
                0x00000000        0x0 c:/program files (x86)/atmel/studio/7.0/toolchain/avr8/avr8-gnu-toolchain/bin/../lib/gcc/avr/5.4.0/avr25\libgcc.a(_copy_data.o)
 .text.libgcc   0x00000000        0x0 c:/program files (x86)/atmel/studio/7.0/toolchain/avr8/avr8-gnu-toolchain/bin/../lib/gcc/avr/5.4.0/avr25\libgcc.a(_copy_data.o)
 .text.libgcc.prologue
                0x00000000        0x0 c:/program files (x86)/atmel/studio/7.0/toolchain/avr8/avr8-gnu-toolchain/bin/../lib/gcc/avr/5.4.0/avr25\libgcc.a(_copy_data.o)
 .text.libgcc.builtins
                0x00000000        0x0 c:/program files (x86)/atmel/studio/7.0/toolchain/avr8/avr8-gnu-toolchain/bin/../lib/gcc/avr/5.4.0/avr25\libgcc.a(_copy_data.o)
 .text.libgcc.fmul
                0x00000000        0x0 c:/program files (x86)/atmel/studio/7.0/toolchain/avr8/avr8-gnu-toolchain/bin/../lib/gcc/avr/5.4.0/avr25\libgcc.a(_copy_data.o)
 .text.libgcc.fixed
                0x00000000        0x0 c:/program files (x86)/atmel/studio/7.0/toolchain/avr8/avr8-gnu-toolchain/bin/../lib/gcc/avr/5.4.0/avr25\libgcc.a(_copy_data.o)
 .text          0x00000000        0x0 c:/program files (x86)/atmel/studio/7.0/toolchain/avr8/avr8-gnu-toolchain/bin/../lib/gcc/avr/5.4.0/avr25\libgcc.a(_clear_bss.o)
 .data          0x00000000        0x0 c:/program files (x86)/atmel/studio/7.0/toolchain/avr8/avr8-gnu-toolchain/bin/../lib/gcc/avr/5.4.0/avr25\libgcc.a(_clear_bss.o)
 .bss           0x00000000        0x0 c:/program files (x86)/atmel/studio/7.0/toolchain/avr8/avr8-gnu-toolchain/bin/../lib/gcc/avr/5.4.0/avr25\libgcc.a(_clear_bss.o)
 .text.libgcc.mul
                0x00000000        0x0 c:/program files (x86)/atmel/studio/7.0/toolchain/avr8/avr8-gnu-toolchain/bin/../lib/gcc/avr/5.4.0/avr25\libgcc.a(_clear_bss.o)
 .text.libgcc.div
                0x00000000        0x0 c:/program files (x86)/atmel/studio/7.0/toolchain/avr8/avr8-gnu-toolchain/bin/../lib/gcc/avr/5.4.0/avr25\libgcc.a(_clear_bss.o)
 .text.libgcc   0x00000000        0x0 c:/program files (x86)/atmel/studio/7.0/toolchain/avr8/avr8-gnu-toolchain/bin/../lib/gcc/avr/5.4.0/avr25\libgcc.a(_clear_bss.o)
 .text.libgcc.prologue
                0x00000000        0x0 c:/program files (x86)/atmel/studio/7.0/toolchain/avr8/avr8-gnu-toolchain/bin/../lib/gcc/avr/5.4.0/avr25\libgcc.a(_clear_bss.o)
 .text.libgcc.builtins
                0x00000000        0x0 c:/program files (x86)/atmel/studio/7.0/toolchain/avr8/avr8-gnu-toolchain/bin/../lib/gcc/avr/5.4.0/avr25\libgcc.a(_clear_bss.o)
 .text.libgcc.fmul
                0x00000000        0x0 c:/program files (x86)/atmel/studio/7.0/toolchain/avr8/avr8-gnu-toolchain/bin/../lib/gcc/avr/5.4.0/avr25\libgcc.a(_clear_bss.o)
 .text.libgcc.fixed
                0x00000000        0x0 c:/program files (x86)/atmel/studio/7.0/toolchain/avr8/avr8-gnu-toolchain/bin/../lib/gcc/avr/5.4.0/avr25\libgcc.a(_clear_bss.o)
 .text          0x00000000        0x0 c:/program files (x86)/atmel/studio/7.0/toolchain/avr8/avr8-gnu-toolchain/bin/../lib/gcc/avr/5.4.0/../../../../avr/lib/avr25\libc.a(strcat.o)
 .data          0x00000000        0x0 c:/program files (x86)/atmel/studio/7.0/toolchain/avr8/avr8-gnu-toolchain/bin/../lib/gcc/avr/5.4.0/../../../../avr/lib/avr25\libc.a(strcat.o)
 .bss           0x00000000        0x0 c:/program files (x86)/atmel/studio/7.0/toolchain/avr8/avr8-gnu-toolchain/bin/../lib/gcc/avr/5.4.0/../../../../avr/lib/avr25\libc.a(strcat.o)
 .text          0x00000000        0x0 c:/program files (x86)/atmel/studio/7.0/toolchain/avr8/avr8-gnu-toolchain/bin/../lib/gcc/avr/5.4.0/../../../../avr/lib/avr25\libc.a(itoa_ncheck.o)
 .data          0x00000000        0x0 c:/program files (x86)/atmel/studio/7.0/toolchain/avr8/avr8-gnu-toolchain/bin/../lib/gcc/avr/5.4.0/../../../../avr/lib/avr25\libc.a(itoa_ncheck.o)
 .bss           0x00000000        0x0 c:/program files (x86)/atmel/studio/7.0/toolchain/avr8/avr8-gnu-toolchain/bin/../lib/gcc/avr/5.4.0/../../../../avr/lib/avr25\libc.a(itoa_ncheck.o)
 .text          0x00000000        0x0 c:/program files (x86)/atmel/studio/7.0/toolchain/avr8/avr8-gnu-toolchain/bin/../lib/gcc/avr/5.4.0/../../../../avr/lib/avr25\libc.a(utoa_ncheck.o)
 .data          0x00000000        0x0 c:/program files (x86)/atmel/studio/7.0/toolchain/avr8/avr8-gnu-toolchain/bin/../lib/gcc/avr/5.4.0/../../../../avr/lib/avr25\libc.a(utoa_ncheck.o)
 .bss           0x00000000        0x0 c:/program files (x86)/atmel/studio/7.0/toolchain/avr8/avr8-gnu-toolchain/bin/../lib/gcc/avr/5.4.0/../../../../avr/lib/avr25\libc.a(utoa_ncheck.o)
 .text          0x00000000        0x0 c:/program files (x86)/atmel/studio/7.0/toolchain/avr8/avr8-gnu-toolchain/bin/../lib/gcc/avr/5.4.0/../../../../avr/lib/avr25\libc.a(strrev.o)
 .data          0x00000000        0x0 c:/program files (x86)/atmel/studio/7.0/toolchain/avr8/avr8-gnu-toolchain/bin/../lib/gcc/avr/5.4.0/../../../../avr/lib/avr25\libc.a(strrev.o)
 .bss           0x00000000        0x0 c:/program files (x86)/atmel/studio/7.0/toolchain/avr8/avr8-gnu-toolchain/bin/../lib/gcc/avr/5.4.0/../../../../avr/lib/avr25\libc.a(strrev.o)

Memory Configuration

Name             Origin             Length             Attributes
text             0x00000000         0x00002000         xr
data             0x00800060         0x00000200         rw !x
eeprom           0x00810000         0x00000200         rw !x
fuse             0x00820000         0x00000003         rw !x
lock             0x00830000         0x00000400         rw !x
signature        0x00840000         0x00000400         rw !x
user_signatures  0x00850000         0x00000400         rw !x
*default*        0x00000000         0xffffffff

Linker script and memory map

LOAD C:/Program Files (x86)/Atmel/Studio/7.0/Packs/atmel/ATtiny_DFP/1.10.348/gcc/dev/attiny85/avr25/crtattiny85.o
LOAD src/app/main.o
LOAD src/drivers/dht_driver.o
LOAD src/drivers/gpio_driver.o
LOAD src/drivers/i2c_driver.o
LOAD src/drivers/timer0_driver.o
LOAD src/drivers/timer1_driver.o
LOAD src/primitives/dht_primitive.o
LOAD src/primitives/oled.o
LOAD src/primitives/timer0_primitives.o
START GROUP
LOAD c:/program files (x86)/atmel/studio/7.0/toolchain/avr8/avr8-gnu-toolchain/bin/../lib/gcc/avr/5.4.0/../../../../avr/lib/avr25\libm.a
END GROUP
START GROUP
LOAD c:/program files (x86)/atmel/studio/7.0/toolchain/avr8/avr8-gnu-toolchain/bin/../lib/gcc/avr/5.4.0/avr25\libgcc.a
LOAD c:/program files (x86)/atmel/studio/7.0/toolchain/avr8/avr8-gnu-toolchain/bin/../lib/gcc/avr/5.4.0/../../../../avr/lib/avr25\libm.a
LOAD c:/program files (x86)/atmel/studio/7.0/toolchain/avr8/avr8-gnu-toolchain/bin/../lib/gcc/avr/5.4.0/../../../../avr/lib/avr25\libc.a
LOAD C:/Program Files (x86)/Atmel/Studio/7.0/Packs/atmel/ATtiny_DFP/1.10.348/gcc/dev/attiny85/avr25\libattiny85.a
END GROUP
                0x00000000                __TEXT_REGION_ORIGIN__ = DEFINED (__TEXT_REGION_ORIGIN__)?__TEXT_REGION_ORIGIN__:0x0
                [0x00800060]                __DATA_REGION_ORIGIN__ = DEFINED (__DATA_REGION_ORIGIN__)?__DATA_REGION_ORIGIN__:0x800060
                [0x00002000]                __TEXT_REGION_LENGTH__ = DEFINED (__TEXT_REGION_LENGTH__)?__TEXT_REGION_LENGTH__:0x2000
                [0x00000200]                __DATA_REGION_LENGTH__ = DEFINED (__DATA_REGION_LENGTH__)?__DATA_REGION_LENGTH__:0xffa0
                [0x00000200]                __EEPROM_REGION_LENGTH__ = DEFINED (__EEPROM_REGION_LENGTH__)?__EEPROM_REGION_LENGTH__:0x10000
                [0x00000003]                __FUSE_REGION_LENGTH__ = DEFINED (__FUSE_REGION_LENGTH__)?__FUSE_REGION_LENGTH__:0x400
                0x00000400                __LOCK_REGION_LENGTH__ = DEFINED (__LOCK_REGION_LENGTH__)?__LOCK_REGION_LENGTH__:0x400
                0x00000400                __SIGNATURE_REGION_LENGTH__ = DEFINED (__SIGNATURE_REGION_LENGTH__)?__SIGNATURE_REGION_LENGTH__:0x400
                0x00000400                __USER_SIGNATURE_REGION_LENGTH__ = DEFINED (__USER_SIGNATURE_REGION_LENGTH__)?__USER_SIGNATURE_REGION_LENGTH__:0x400

.hash
 *(.hash)

.dynsym
 *(.dynsym)

.dynstr
 *(.dynstr)

.gnu.version
 *(.gnu.version)

.gnu.version_d
 *(.gnu.version_d)

.gnu.version_r
 *(.gnu.version_r)

.rel.init
 *(.rel.init)

.rela.init
 *(.rela.init)

.rel.text
 *(.rel.text)
 *(.rel.text.*)
 *(.rel.gnu.linkonce.t*)

.rela.text
 *(.rela.text)
 *(.rela.text.*)
 *(.rela.gnu.linkonce.t*)

.rel.fini
 *(.rel.fini)

.rela.fini
 *(.rela.fini)

.rel.rodata
 *(.rel.rodata)
 *(.rel.rodata.*)
 *(.rel.gnu.linkonce.r*)

.rela.rodata
 *(.rela.rodata)
 *(.rela.rodata.*)
 *(.rela.gnu.linkonce.r*)

.rel.data
 *(.rel.data)
 *(.rel.data.*)
 *(.rel.gnu.linkonce.d*)

.rela.data
 *(.rela.data)
 *(.rela.data.*)
 *(.rela.gnu.linkonce.d*)

.rel.ctors
 *(.rel.ctors)

.rela.ctors
 *(.rela.ctors)

.rel.dtors
 *(.rel.dtors)

.rela.dtors
 *(.rela.dtors)

.rel.got
 *(.rel.got)

.rela.got
 *(.rela.got)

.rel.bss
 *(.rel.bss)

.rela.bss
 *(.rela.bss)

.rel.plt
 *(.rel.plt)

.rela.plt
 *(.rela.plt)

.text           0x00000000      0xcf0
 *(.vectors)
 .vectors       0x00000000       0x1e C:/Program Files (x86)/Atmel/Studio/7.0/Packs/atmel/ATtiny_DFP/1.10.348/gcc/dev/attiny85/avr25/crtattiny85.o
                0x00000000                __vector_default
                0x00000000                __vectors
 *(.vectors)
 *(.progmem.gcc*)
                0x0000001e                . = ALIGN (0x2)
                0x0000001e                __trampolines_start = .
 *(.trampolines)
 .trampolines   0x0000001e        0x0 linker stubs
 *(.trampolines*)
                0x0000001e                __trampolines_end = .
 *libprintf_flt.a:*(.progmem.data)
 *libc.a:*(.progmem.data)
 *(.progmem*)
 .progmem.data.font5x7
                0x0000001e      0x127 src/primitives/oled.o
                0x0000001e                font5x7
                0x00000146                . = ALIGN (0x2)
 *fill*         0x00000145        0x1 
 *(.jumptables)
 *(.jumptables*)
 *(.lowtext)
 *(.lowtext*)
                0x00000146                __ctors_start = .
 *(.ctors)
                0x00000146                __ctors_end = .
                0x00000146                __dtors_start = .
 *(.dtors)
                0x00000146                __dtors_end = .
 SORT(*)(.ctors)
 SORT(*)(.dtors)
 *(.init0)
 .init0         0x00000146        0x0 C:/Program Files (x86)/Atmel/Studio/7.0/Packs/atmel/ATtiny_DFP/1.10.348/gcc/dev/attiny85/avr25/crtattiny85.o
                0x00000146                __init
 *(.init0)
 *(.init1)
 *(.init1)
 *(.init2)
 .init2         0x00000146        0xc C:/Program Files (x86)/Atmel/Studio/7.0/Packs/atmel/ATtiny_DFP/1.10.348/gcc/dev/attiny85/avr25/crtattiny85.o
 *(.init2)
 *(.init3)
 *(.init3)
 *(.init4)
 .init4         0x00000152       0x16 c:/program files (x86)/atmel/studio/7.0/toolchain/avr8/avr8-gnu-toolchain/bin/../lib/gcc/avr/5.4.0/avr25\libgcc.a(_copy_data.o)
                0x00000152                __do_copy_data
 .init4         0x00000168       0x10 c:/program files (x86)/atmel/studio/7.0/toolchain/avr8/avr8-gnu-toolchain/bin/../lib/gcc/avr/5.4.0/avr25\libgcc.a(_clear_bss.o)
                0x00000168                __do_clear_bss
 *(.init4)
 *(.init5)
 *(.init5)
 *(.init6)
 *(.init6)
 *(.init7)
 *(.init7)
 *(.init8)
 *(.init8)
 *(.init9)
 .init9         0x00000178        0x4 C:/Program Files (x86)/Atmel/Studio/7.0/Packs/atmel/ATtiny_DFP/1.10.348/gcc/dev/attiny85/avr25/crtattiny85.o
 *(.init9)
 *(.text)
 .text          0x0000017c        0x2 C:/Program Files (x86)/Atmel/Studio/7.0/Packs/atmel/ATtiny_DFP/1.10.348/gcc/dev/attiny85/avr25/crtattiny85.o
                0x0000017c                __vector_1
                0x0000017c                __vector_12
                0x0000017c                __bad_interrupt
                0x0000017c                __vector_6
                0x0000017c                __vector_3
                0x0000017c                __vector_11
                0x0000017c                __vector_13
                0x0000017c                __vector_7
                0x0000017c                __vector_5
                0x0000017c                __vector_4
                0x0000017c                __vector_9
                0x0000017c                __vector_2
                0x0000017c                __vector_8
                0x0000017e                . = ALIGN (0x2)
 *(.text.*)
 .text.attiny_init
                0x0000017e       0x26 src/app/main.o
                0x0000017e                attiny_init
 .text.main     0x000001a4       0xf0 src/app/main.o
                0x000001a4                main
 .text.attiny_dht_init
                0x00000294        0xe src/drivers/dht_driver.o
                0x00000294                attiny_dht_init
 .text.dht_start
                0x000002a2       0x2a src/drivers/dht_driver.o
                0x000002a2                dht_start
 .text.dht_response
                0x000002cc       0x84 src/drivers/dht_driver.o
                0x000002cc                dht_response
 .text.dht_gets_data
                0x00000350       0xf8 src/drivers/dht_driver.o
                0x00000350                dht_gets_data
 .text.dht_read
                0x00000448      0x12c src/drivers/dht_driver.o
                0x00000448                dht_read
 .text.setPin   0x00000574       0x3e src/drivers/gpio_driver.o
                0x00000574                setPin
 .text.setPinDir
                0x000005b2       0x3e src/drivers/gpio_driver.o
                0x000005b2                setPinDir
 .text.getPinState
                0x000005f0       0x18 src/drivers/gpio_driver.o
                0x000005f0                getPinState
 .text.attiny_i2c_init
                0x00000608       0x22 src/drivers/i2c_driver.o
                0x00000608                attiny_i2c_init
 .text.attiny_i2c_tx
                0x0000062a       0x64 src/drivers/i2c_driver.o
                0x0000062a                attiny_i2c_tx
 .text.attiny_i2c_send_byte
                0x0000068e       0x20 src/drivers/i2c_driver.o
                0x0000068e                attiny_i2c_send_byte
 .text.__vector_14
                0x000006ae      0x130 src/drivers/i2c_driver.o
                0x000006ae                __vector_14
 .text.__vector_10
                0x000007de       0x2e src/drivers/timer0_driver.o
                0x000007de                __vector_10
 .text.attiny_timer_init
                0x0000080c       0x24 src/drivers/timer0_driver.o
                0x0000080c                attiny_timer_init
 .text.attiny_timer_interrupt_disable
                0x00000830        0x8 src/drivers/timer0_driver.o
                0x00000830                attiny_timer_interrupt_disable
 .text.attiny_timer_interrupt_enable
                0x00000838        0x8 src/drivers/timer0_driver.o
                0x00000838                attiny_timer_interrupt_enable
 .text.timer1_init
                0x00000840        0x8 src/drivers/timer1_driver.o
                0x00000840                timer1_init
 .text.timer1_deinit
                0x00000848        0x6 src/drivers/timer1_driver.o
                0x00000848                timer1_deinit
 .text.timer1_set_prescaler
                0x0000084e       0x1e src/drivers/timer1_driver.o
                0x0000084e                timer1_set_prescaler
 .text.timer1_reset_count
                0x0000086c        0x4 src/drivers/timer1_driver.o
                0x0000086c                timer1_reset_count
 .text.timer1_get_count
                0x00000870        0x4 src/drivers/timer1_driver.o
                0x00000870                timer1_get_count
 .text.getMeasures
                0x00000874       0x64 src/primitives/dht_primitive.o
                0x00000874                getMeasures
 .text.average_measures
                0x000008d8       0xb2 src/primitives/dht_primitive.o
                0x000008d8                average_measures
 .text.reset_measures
                0x0000098a       0x22 src/primitives/dht_primitive.o
                0x0000098a                reset_measures
 .text.set_page
                0x000009ac       0x12 src/primitives/oled.o
                0x000009ac                set_page
 .text.set_column
                0x000009be       0x26 src/primitives/oled.o
                0x000009be                set_column
 .text.oled_clean
                0x000009e4       0x4a src/primitives/oled.o
                0x000009e4                oled_clean
 .text.oled_write_byte
                0x00000a2e        0xa src/primitives/oled.o
                0x00000a2e                oled_write_byte
 .text.oled_print_text
                0x00000a38       0x94 src/primitives/oled.o
                0x00000a38                oled_print_text
 .text.print_temperature
                0x00000acc       0xac src/primitives/oled.o
                0x00000acc                print_temperature
 .text.print_humidity
                0x00000b78       0xa6 src/primitives/oled.o
                0x00000b78                print_humidity
 .text.oled_on  0x00000c1e        0xa src/primitives/oled.o
                0x00000c1e                oled_on
 .text.oled_full_on
                0x00000c28        0xa src/primitives/oled.o
                0x00000c28                oled_full_on
 .text.oled_show_data
                0x00000c32        0xa src/primitives/oled.o
                0x00000c32                oled_show_data
 .text.timer0_start
                0x00000c3c        0x4 src/primitives/timer0_primitives.o
                0x00000c3c                timer0_start
 .text.timer0_interrupt_enable
                0x00000c40        0x4 src/primitives/timer0_primitives.o
                0x00000c40                timer0_interrupt_enable
 .text.timer0_interrupt_disable
                0x00000c44        0x4 src/primitives/timer0_primitives.o
                0x00000c44                timer0_interrupt_disable
 .text.libgcc.div
                0x00000c48       0x28 c:/program files (x86)/atmel/studio/7.0/toolchain/avr8/avr8-gnu-toolchain/bin/../lib/gcc/avr/5.4.0/avr25\libgcc.a(_udivmodhi4.o)
                0x00000c48                __udivmodhi4
 .text.avr-libc
                0x00000c70       0x16 c:/program files (x86)/atmel/studio/7.0/toolchain/avr8/avr8-gnu-toolchain/bin/../lib/gcc/avr/5.4.0/../../../../avr/lib/avr25\libc.a(strcat.o)
                0x00000c70                strcat
 .text.avr-libc
                0x00000c86       0x14 c:/program files (x86)/atmel/studio/7.0/toolchain/avr8/avr8-gnu-toolchain/bin/../lib/gcc/avr/5.4.0/../../../../avr/lib/avr25\libc.a(itoa_ncheck.o)
                0x00000c86                __itoa_ncheck
 .text.avr-libc
                0x00000c9a       0x32 c:/program files (x86)/atmel/studio/7.0/toolchain/avr8/avr8-gnu-toolchain/bin/../lib/gcc/avr/5.4.0/../../../../avr/lib/avr25\libc.a(utoa_ncheck.o)
                0x00000c9a                __utoa_ncheck
                0x00000c9c                __utoa_common
 .text.avr-libc
                0x00000ccc       0x20 c:/program files (x86)/atmel/studio/7.0/toolchain/avr8/avr8-gnu-toolchain/bin/../lib/gcc/avr/5.4.0/../../../../avr/lib/avr25\libc.a(strrev.o)
                0x00000ccc                strrev
                0x00000cec                . = ALIGN (0x2)
 *(.fini9)
 .fini9         0x00000cec        0x0 c:/program files (x86)/atmel/studio/7.0/toolchain/avr8/avr8-gnu-toolchain/bin/../lib/gcc/avr/5.4.0/avr25\libgcc.a(_exit.o)
                0x00000cec                _exit
                0x00000cec                exit
 *(.fini9)
 *(.fini8)
 *(.fini8)
 *(.fini7)
 *(.fini7)
 *(.fini6)
 *(.fini6)
 *(.fini5)
 *(.fini5)
 *(.fini4)
 *(.fini4)
 *(.fini3)
 *(.fini3)
 *(.fini2)
 *(.fini2)
 *(.fini1)
 *(.fini1)
 *(.fini0)
 .fini0         0x00000cec        0x4 c:/program files (x86)/atmel/studio/7.0/toolchain/avr8/avr8-gnu-toolchain/bin/../lib/gcc/avr/5.4.0/avr25\libgcc.a(_exit.o)
 *(.fini0)
                0x00000cf0                _etext = .

.data           0x00800060       0x1e load address 0x00000cf0
                0x00800060                PROVIDE (__data_start, .)
 *(.data)
 *(.data*)
 .data.app_state
                0x00800060        0x1 src/app/main.o
                0x00800060                app_state
 .data._v_dht_data_shift_index
                0x00800061        0x1 src/drivers/dht_driver.o
                0x00800061                _v_dht_data_shift_index
 *(.gnu.linkonce.d*)
 *(.rodata)
 *(.rodata*)
 .rodata.str1.1
                0x00800062        0xd src/app/main.o
 .rodata.str1.1
                0x0080006f        0xe src/primitives/oled.o
 *(.gnu.linkonce.r*)
                0x0080007e                . = ALIGN (0x2)
 *fill*         0x0080007d        0x1 
                0x0080007e                _edata = .
                0x0080007e                PROVIDE (__data_end, .)

.bss            0x0080007e       0x23
                0x0080007e                PROVIDE (__bss_start, .)
 *(.bss)
 *(.bss*)
 .bss._v_dht_data_ready
                0x0080007e        0x1 src/drivers/dht_driver.o
                0x0080007e                _v_dht_data_ready
 .bss.f_dht_error
                0x0080007f        0x1 src/drivers/dht_driver.o
                0x0080007f                f_dht_error
 .bss._v_response_pulses
                0x00800080        0x1 src/drivers/dht_driver.o
                0x00800080                _v_response_pulses
 .bss._v_dht_chk
                0x00800081        0x4 src/drivers/dht_driver.o
                0x00800081                _v_dht_chk
 .bss._v_dht_data
                0x00800085        0x4 src/drivers/dht_driver.o
                0x00800085                _v_dht_data
 .bss._v_dht_rh_dec
                0x00800089        0x1 src/drivers/dht_driver.o
                0x00800089                _v_dht_rh_dec
 .bss._v_dht_rh_int
                0x0080008a        0x1 src/drivers/dht_driver.o
                0x0080008a                _v_dht_rh_int
 .bss._v_dht_temp_dec
                0x0080008b        0x1 src/drivers/dht_driver.o
                0x0080008b                _v_dht_temp_dec
 .bss._v_dht_temp_int
                0x0080008c        0x1 src/drivers/dht_driver.o
                0x0080008c                _v_dht_temp_int
 .bss.i2c_tx_bytes
                0x0080008d        0x1 src/drivers/i2c_driver.o
                0x0080008d                i2c_tx_bytes
 .bss.f_nack    0x0080008e        0x1 src/drivers/i2c_driver.o
                0x0080008e                f_nack
 .bss.i2c_indx  0x0080008f        0x1 src/drivers/i2c_driver.o
                0x0080008f                i2c_indx
 .bss.usi_state
                0x00800090        0x1 src/drivers/i2c_driver.o
                0x00800090                usi_state
 .bss.usi_status
                0x00800091        0x1 src/drivers/i2c_driver.o
                0x00800091                usi_status
 .bss._v_debounced_rh_dec
                0x00800092        0x2 src/primitives/dht_primitive.o
                0x00800092                _v_debounced_rh_dec
 .bss._v_debounced_rh_int
                0x00800094        0x2 src/primitives/dht_primitive.o
                0x00800094                _v_debounced_rh_int
 .bss._v_debounced_temp_dec
                0x00800096        0x2 src/primitives/dht_primitive.o
                0x00800096                _v_debounced_temp_dec
 .bss._v_debounced_temp_int
                0x00800098        0x2 src/primitives/dht_primitive.o
                0x00800098                _v_debounced_temp_int
 *(COMMON)
 COMMON         0x0080009a        0x7 src/drivers/i2c_driver.o
                0x0080009a                i2c_buff
                0x008000a1                PROVIDE (__bss_end, .)
                0x00000cf0                __data_load_start = LOADADDR (.data)
                0x00000d0e                __data_load_end = (__data_load_start + SIZEOF (.data))

.noinit         0x008000a1        0x0
                [!provide]                PROVIDE (__noinit_start, .)
 *(.noinit*)
                [!provide]                PROVIDE (__noinit_end, .)
                0x008000a1                _end = .
                [!provide]                PROVIDE (__heap_start, .)

.eeprom         0x00810000        0x0
 *(.eeprom*)
                0x00810000                __eeprom_end = .

.fuse
 *(.fuse)
 *(.lfuse)
 *(.hfuse)
 *(.efuse)

.lock
 *(.lock*)

.signature
 *(.signature*)

.user_signatures
 *(.user_signatures*)

.stab
 *(.stab)

.stabstr
 *(.stabstr)

.stab.excl
 *(.stab.excl)

.stab.exclstr
 *(.stab.exclstr)

.stab.index
 *(.stab.index)

.stab.indexstr
 *(.stab.indexstr)

.comment        0x00000000       0x30
 *(.comment)
 .comment       0x00000000       0x30 src/app/main.o
                                 0x31 (size before relaxing)
 .comment       0x00000030       0x31 src/drivers/dht_driver.o
 .comment       0x00000030       0x31 src/drivers/gpio_driver.o
 .comment       0x00000030       0x31 src/drivers/i2c_driver.o
 .comment       0x00000030       0x31 src/drivers/timer0_driver.o
 .comment       0x00000030       0x31 src/drivers/timer1_driver.o
 .comment       0x00000030       0x31 src/primitives/dht_primitive.o
 .comment       0x00000030       0x31 src/primitives/oled.o
 .comment       0x00000030       0x31 src/primitives/timer0_primitives.o

.note.gnu.avr.deviceinfo
                0x00000000       0x3c
 .note.gnu.avr.deviceinfo
                0x00000000       0x3c C:/Program Files (x86)/Atmel/Studio/7.0/Packs/atmel/ATtiny_DFP/1.10.348/gcc/dev/attiny85/avr25/crtattiny85.o

.note.gnu.build-id
 *(.note.gnu.build-id)

.debug
 *(.debug)

.line
 *(.line)

.debug_srcinfo
 *(.debug_srcinfo)

.debug_sfnames
 *(.debug_sfnames)

.debug_aranges  0x00000000      0x240
 *(.debug_aranges)
 .debug_aranges
                0x00000000       0x28 src/app/main.o
 .debug_aranges
                0x00000028       0x50 src/drivers/dht_driver.o
 .debug_aranges
                0x00000078       0x30 src/drivers/gpio_driver.o
 .debug_aranges
                0x000000a8       0x40 src/drivers/i2c_driver.o
 .debug_aranges
                0x000000e8       0x40 src/drivers/timer0_driver.o
 .debug_aranges
                0x00000128       0x40 src/drivers/timer1_driver.o
 .debug_aranges
                0x00000168       0x30 src/primitives/dht_primitive.o
 .debug_aranges
                0x00000198       0x70 src/primitives/oled.o
 .debug_aranges
                0x00000208       0x38 src/primitives/timer0_primitives.o

.debug_pubnames
 *(.debug_pubnames)

.debug_info     0x00000000     0x2053
 *(.debug_info .gnu.linkonce.wi.*)
 .debug_info    0x00000000      0x420 C:/Program Files (x86)/Atmel/Studio/7.0/Packs/atmel/ATtiny_DFP/1.10.348/gcc/dev/attiny85/avr25/crtattiny85.o
 .debug_info    0x00000420      0x49e src/app/main.o
 .debug_info    0x000008be      0x4b8 src/drivers/dht_driver.o
 .debug_info    0x00000d76      0x109 src/drivers/gpio_driver.o
 .debug_info    0x00000e7f      0x349 src/drivers/i2c_driver.o
 .debug_info    0x000011c8      0x116 src/drivers/timer0_driver.o
 .debug_info    0x000012de       0xfa src/drivers/timer1_driver.o
 .debug_info    0x000013d8      0x16e src/primitives/dht_primitive.o
 .debug_info    0x00001546      0xa23 src/primitives/oled.o
 .debug_info    0x00001f69       0xea src/primitives/timer0_primitives.o

.debug_abbrev   0x00000000      0xdab
 *(.debug_abbrev)
 .debug_abbrev  0x00000000      0x3e8 C:/Program Files (x86)/Atmel/Studio/7.0/Packs/atmel/ATtiny_DFP/1.10.348/gcc/dev/attiny85/avr25/crtattiny85.o
 .debug_abbrev  0x000003e8      0x17c src/app/main.o
 .debug_abbrev  0x00000564      0x12a src/drivers/dht_driver.o
 .debug_abbrev  0x0000068e       0x8b src/drivers/gpio_driver.o
 .debug_abbrev  0x00000719      0x18e src/drivers/i2c_driver.o
 .debug_abbrev  0x000008a7       0xaf src/drivers/timer0_driver.o
 .debug_abbrev  0x00000956       0x90 src/drivers/timer1_driver.o
 .debug_abbrev  0x000009e6       0xe7 src/primitives/dht_primitive.o
 .debug_abbrev  0x00000acd      0x293 src/primitives/oled.o
 .debug_abbrev  0x00000d60       0x4b src/primitives/timer0_primitives.o

.debug_line     0x00000000     0x1651
 *(.debug_line .debug_line.* .debug_line_end)
 .debug_line    0x00000000       0xf2 C:/Program Files (x86)/Atmel/Studio/7.0/Packs/atmel/ATtiny_DFP/1.10.348/gcc/dev/attiny85/avr25/crtattiny85.o
 .debug_line    0x000000f2      0x316 src/app/main.o
 .debug_line    0x00000408      0x3d4 src/drivers/dht_driver.o
 .debug_line    0x000007dc      0x108 src/drivers/gpio_driver.o
 .debug_line    0x000008e4      0x3ae src/drivers/i2c_driver.o
 .debug_line    0x00000c92      0x1b1 src/drivers/timer0_driver.o
 .debug_line    0x00000e43      0x13f src/drivers/timer1_driver.o
 .debug_line    0x00000f82      0x1b1 src/primitives/dht_primitive.o
 .debug_line    0x00001133      0x418 src/primitives/oled.o
 .debug_line    0x0000154b      0x106 src/primitives/timer0_primitives.o

.debug_frame    0x00000000      0x458
 *(.debug_frame)
 .debug_frame   0x00000000       0x34 src/app/main.o
 .debug_frame   0x00000034       0x90 src/drivers/dht_driver.o
 .debug_frame   0x000000c4       0x44 src/drivers/gpio_driver.o
 .debug_frame   0x00000108       0x84 src/drivers/i2c_driver.o
 .debug_frame   0x0000018c       0x74 src/drivers/timer0_driver.o
 .debug_frame   0x00000200       0x64 src/drivers/timer1_driver.o
 .debug_frame   0x00000264       0x58 src/primitives/dht_primitive.o
 .debug_frame   0x000002bc      0x148 src/primitives/oled.o
 .debug_frame   0x00000404       0x54 src/primitives/timer0_primitives.o

.debug_str      0x00000000      0x9f0
 *(.debug_str)
 .debug_str     0x00000000      0x169 C:/Program Files (x86)/Atmel/Studio/7.0/Packs/atmel/ATtiny_DFP/1.10.348/gcc/dev/attiny85/avr25/crtattiny85.o
 .debug_str     0x00000169      0x3c4 src/app/main.o
                                0x401 (size before relaxing)
 .debug_str     0x0000052d      0x17a src/drivers/dht_driver.o
                                0x385 (size before relaxing)
 .debug_str     0x000006a7       0x1d src/drivers/gpio_driver.o
                                0x1b0 (size before relaxing)
 .debug_str     0x000006c4       0xe2 src/drivers/i2c_driver.o
                                0x2c8 (size before relaxing)
 .debug_str     0x000007a6       0x8e src/drivers/timer0_driver.o
                                0x246 (size before relaxing)
 .debug_str     0x00000834       0x1f src/drivers/timer1_driver.o
                                0x1f5 (size before relaxing)
 .debug_str     0x00000853       0x2b src/primitives/dht_primitive.o
                                0x261 (size before relaxing)
 .debug_str     0x0000087e      0x140 src/primitives/oled.o
                                0x3b0 (size before relaxing)
 .debug_str     0x000009be       0x32 src/primitives/timer0_primitives.o
                                0x1d4 (size before relaxing)

.debug_loc      0x00000000      0xd90
 *(.debug_loc)
 .debug_loc     0x00000000      0x141 src/app/main.o
 .debug_loc     0x00000141       0xd3 src/drivers/dht_driver.o
 .debug_loc     0x00000214      0x109 src/drivers/gpio_driver.o
 .debug_loc     0x0000031d      0x240 src/drivers/i2c_driver.o
 .debug_loc     0x0000055d       0x3c src/drivers/timer0_driver.o
 .debug_loc     0x00000599       0x54 src/drivers/timer1_driver.o
 .debug_loc     0x000005ed       0x86 src/primitives/dht_primitive.o
 .debug_loc     0x00000673      0x71d src/primitives/oled.o

.debug_macinfo
 *(.debug_macinfo)

.debug_weaknames
 *(.debug_weaknames)

.debug_funcnames
 *(.debug_funcnames)

.debug_typenames
 *(.debug_typenames)

.debug_varnames
 *(.debug_varnames)

.debug_pubtypes
 *(.debug_pubtypes)

.debug_ranges   0x00000000      0x1b0
 *(.debug_ranges)
 .debug_ranges  0x00000000       0x18 src/app/main.o
 .debug_ranges  0x00000018       0x40 src/drivers/dht_driver.o
 .debug_ranges  0x00000058       0x20 src/drivers/gpio_driver.o
 .debug_ranges  0x00000078       0x30 src/drivers/i2c_driver.o
 .debug_ranges  0x000000a8       0x30 src/drivers/timer0_driver.o
 .debug_ranges  0x000000d8       0x30 src/drivers/timer1_driver.o
 .debug_ranges  0x00000108       0x20 src/primitives/dht_primitive.o
 .debug_ranges  0x00000128       0x60 src/primitives/oled.o
 .debug_ranges  0x00000188       0x28 src/primitives/timer0_primitives.o

.debug_macro
 *(.debug_macro)
OUTPUT(GccApplication1.elf elf32-avr)
LOAD linker stubs
